%!Adobe-FontList 1.22
%Locale:0x419

%BeginFont
Handler:DirectoryHandler
FontType:Invalid
OutlineFileName:C:\Users\Admin\Desktop\fitness_gym\Font\lora-regular-webfont.woff
FileModTime:1653008272
%EndFont

%BeginFont
Handler:DirectoryHandler
FontType:Invalid
OutlineFileName:C:\Users\Admin\Desktop\fitness_gym\Font\lora-regular-webfont.woff2
FileModTime:1653008272
%EndFont

%BeginFont
Handler:DirectoryHandler
FontType:Invalid
OutlineFileName:C:\Users\Admin\Desktop\fitness_gym\Font\raleway-black-webfont.woff
FileModTime:1653008272
%EndFont

%BeginFont
Handler:DirectoryHandler
FontType:Invalid
OutlineFileName:C:\Users\Admin\Desktop\fitness_gym\Font\raleway-black-webfont.woff2
FileModTime:1653008272
%EndFont

%BeginFont
Handler:DirectoryHandler
FontType:Invalid
OutlineFileName:C:\Users\Admin\Desktop\fitness_gym\Font\raleway-bold-webfont.woff
FileModTime:1653008272
%EndFont

%BeginFont
Handler:DirectoryHandler
FontType:Invalid
OutlineFileName:C:\Users\Admin\Desktop\fitness_gym\Font\raleway-bold-webfont.woff2
FileModTime:1653008272
%EndFont

%BeginFont
Handler:DirectoryHandler
FontType:Invalid
OutlineFileName:C:\Users\Admin\Desktop\fitness_gym\Font\raleway-medium-webfont.woff
FileModTime:1653008272
%EndFont

%BeginFont
Handler:DirectoryHandler
FontType:Invalid
OutlineFileName:C:\Users\Admin\Desktop\fitness_gym\Font\raleway-medium-webfont.woff2
FileModTime:1653008272
%EndFont

%BeginFont
Handler:DirectoryHandler
FontType:Invalid
OutlineFileName:C:\Users\Admin\Desktop\fitness_gym\Font\raleway-regular-webfont.woff
FileModTime:1653008272
%EndFont

%BeginFont
Handler:DirectoryHandler
FontType:Invalid
OutlineFileName:C:\Users\Admin\Desktop\fitness_gym\Font\raleway-regular-webfont.woff2
FileModTime:1653008272
%EndFont

%BeginFont
Handler:DirectoryHandler
FontType:Invalid
OutlineFileName:C:\Users\Admin\Desktop\fitness_gym\Font\raleway-semibold-webfont.woff
FileModTime:1653008272
%EndFont

%BeginFont
Handler:DirectoryHandler
FontType:Invalid
OutlineFileName:C:\Users\Admin\Desktop\fitness_gym\Font\raleway-semibold-webfont.woff2
FileModTime:1653008272
%EndFont

%BeginFont
Handler:DirectoryHandler
FontType:Invalid
OutlineFileName:C:\Users\Admin\Desktop\fitness_gym\Font\roboto-bold-webfont.woff
FileModTime:1653008272
%EndFont

%BeginFont
Handler:DirectoryHandler
FontType:Invalid
OutlineFileName:C:\Users\Admin\Desktop\fitness_gym\Font\roboto-bold-webfont.woff2
FileModTime:1653008272
%EndFont

